// Jest Snapshot v1, https://goo.gl/fbAQLP

exports[`AboutUs screen should render correctly 1`] = `
<div>
  <div>
    <h1>
      About Us
    </h1>
  </div>
</div>
`;
