// Jest Snapshot v1, https://goo.gl/fbAQLP

exports[`LazyMainFlowScreen should render 1`] = `<div />`;
