// Jest Snapshot v1, https://goo.gl/fbAQLP

exports[`Drawer should not render if isOpen is false 1`] = `<div />`;
