// Jest Snapshot v1, https://goo.gl/fbAQLP

exports[`ContactUs screen should render correctly 1`] = `
<div>
  <div>
    <h1>
      Contact Us
    </h1>
  </div>
</div>
`;
