// Jest Snapshot v1, https://goo.gl/fbAQLP

exports[`Alert slice should return alert state 1`] = `
{
  "Alert": {
    "alert": {
      "description": "",
      "showIcon": true,
      "status": undefined,
      "title": "",
      "variant": "subtle",
    },
    "alertVisibleState": false,
    "setAlertStateData": [Function],
    "setAlertVisible": [Function],
  },
  "Drawer": {
    "closeDrawer": [Function],
    "drawerData": {
      "children": null,
      "footer": null,
      "isOpen": false,
      "onModalClose": [Function],
      "title": "",
    },
    "openDrawer": [Function],
    "openState": "CLOSE",
  },
  "Modal": {
    "closeModal": [Function],
    "modalData": {
      "message": "",
      "onModalClose": [Function],
      "onPrimaryButtonClick": [Function],
      "primaryButtonLabel": "",
      "title": "",
    },
    "openModal": [Function],
    "openState": "CLOSE",
  },
}
`;

exports[`Alert slice should return alert state on alert data set using setAlertStateData 1`] = `
{
  "description": "description",
  "showIcon": false,
  "status": "success",
  "title": "title",
  "variant": "solid",
}
`;
