// Jest Snapshot v1, https://goo.gl/fbAQLP

exports[`StudyChannels screen should render correctly 1`] = `
<div>
  <div>
    <h1>
      Study Channels
    </h1>
  </div>
</div>
`;
