// Jest Snapshot v1, https://goo.gl/fbAQLP

exports[`FeatureMedia screen should render correctly 1`] = `
<div>
  <div>
    <h1>
      Feature Media
    </h1>
  </div>
</div>
`;
