// Jest Snapshot v1, https://goo.gl/fbAQLP

exports[`Stickers screen should render correctly 1`] = `
<div>
  <div>
    <h1>
      Stickers
    </h1>
  </div>
</div>
`;
