// Jest Snapshot v1, https://goo.gl/fbAQLP

exports[`Blogs screen should render correctly 1`] = `
<div>
  <div>
    <h1>
      Blogs
    </h1>
  </div>
</div>
`;
