// Jest Snapshot v1, https://goo.gl/fbAQLP

exports[`PrivacyPolicy screen should render correctly 1`] = `
<div>
  <div>
    <h1>
      Privacy Policy
    </h1>
  </div>
</div>
`;
