// Jest Snapshot v1, https://goo.gl/fbAQLP

exports[`Games screen should render correctly 1`] = `
<div>
  <div>
    <h1>
      Games
    </h1>
  </div>
</div>
`;
