// Jest Snapshot v1, https://goo.gl/fbAQLP

exports[`Channel screen should render correctly 1`] = `
<div>
  <div>
    <h1>
      Channel
    </h1>
  </div>
</div>
`;
