// Jest Snapshot v1, https://goo.gl/fbAQLP

exports[`Groups screen should render correctly 1`] = `
<div>
  <div>
    <h1>
      Groups
    </h1>
  </div>
</div>
`;
