// Jest Snapshot v1, https://goo.gl/fbAQLP

exports[`Themes screen should render correctly 1`] = `
<div>
  <div>
    <h1>
      Themes
    </h1>
    <p>
      Themes page content
    </p>
  </div>
</div>
`;
